==============================================================================
Tests                                                                         
==============================================================================
Tests.Testdemo5 :: To validate the Login form                                 
==============================================================================
Validate login unsuccessfully with invalid credentials                | FAIL |
Test cannot be empty.
------------------------------------------------------------------------------
Tests.Testdemo5 :: To validate the Login form                         | FAIL |
1 test, 0 passed, 1 failed
==============================================================================
Tests                                                                 | FAIL |
1 test, 0 passed, 1 failed
==============================================================================
Output:  /Users/mitran/pythonProject/RobotFramework/tests/pabot_results/4/output.xml
