==============================================================================
Tests                                                                         
==============================================================================
Tests.Testdemo2 :: To validate the Login form                                 
==============================================================================
Validate UnSuccessful Login                                           | PASS |
------------------------------------------------------------------------------
Validate cards display in the shopping page                           | PASS |
------------------------------------------------------------------------------
Log in with selected drop-down value                                  | PASS |
------------------------------------------------------------------------------
Tests.Testdemo2 :: To validate the Login form                         | PASS |
3 tests, 3 passed, 0 failed
==============================================================================
Tests                                                                 | PASS |
3 tests, 3 passed, 0 failed
==============================================================================
Output:  /Users/mitran/pythonProject/RobotFramework/tests/pabot_results/1/output.xml
