==============================================================================
Tests                                                                         
==============================================================================
Tests.Testdemo3 :: To validate the Login form                                 
==============================================================================
Valivate child windown functionality                                  | PASS |
------------------------------------------------------------------------------
Tests.Testdemo3 :: To validate the Login form                         | PASS |
1 test, 1 passed, 0 failed
==============================================================================
Tests                                                                 | PASS |
1 test, 1 passed, 0 failed
==============================================================================
Output:  /Users/mitran/pythonProject/RobotFramework/tests/pabot_results/2/output.xml
