==============================================================================
Tests                                                                         
==============================================================================
Tests.Testdemo4 :: To validate the Login form                                 
==============================================================================
Invalid username                                                      | PASS |
------------------------------------------------------------------------------
Invalid password                                                      | PASS |
------------------------------------------------------------------------------
Special characters                                                    | PASS |
------------------------------------------------------------------------------
Tests.Testdemo4 :: To validate the Login form                         | PASS |
3 tests, 3 passed, 0 failed
==============================================================================
Tests                                                                 | PASS |
3 tests, 3 passed, 0 failed
==============================================================================
Output:  /Users/mitran/pythonProject/RobotFramework/tests/pabot_results/3/output.xml
