==============================================================================
Tests                                                                         
==============================================================================
Tests.Testdemo7 :: To validate the Login form                                 
==============================================================================
Log in and add product to card:                                       | PASS |
------------------------------------------------------------------------------
Tests.Testdemo7 :: To validate the Login form                         | PASS |
1 test, 1 passed, 0 failed
==============================================================================
Tests                                                                 | PASS |
1 test, 1 passed, 0 failed
==============================================================================
Output:  /Users/mitran/pythonProject/RobotFramework/tests/pabot_results/6/output.xml
